******************************************************************************
                  TI ARM Linker PC v20.2.7                     
******************************************************************************
>> Linked Sun Feb 19 13:22:19 2023

OUTPUT FILE NAME:   <gpiointerrupt_CC3220S_LAUNCHXL_nortos_ccs.out>
ENTRY POINT SYMBOL: "resetISR"  address: 2001221d


MEMORY CONFIGURATION

         name            origin    length      used     unused   attr    fill
----------------------  --------  ---------  --------  --------  ----  --------
  SRAM2                 20000000   00004000  0000130c  00002cf4  RW X
  SRAM                  20004000   0003c000  0000f786  0002c87a  RW X
  LOG_DATA              90000000   00040000  00000000  00040000  R   


SEGMENT ALLOCATION MAP

run origin  load origin   length   init length attrs members
----------  ----------- ---------- ----------- ----- -------
20003000    20003000    00001000   00000000    rw-
  20003000    20003000    00001000   00000000    rw- .stack
20004000    20004000    00000040   00000040    r--
  20004000    20004000    00000040   00000040    r-- .resetVecs
20004040    20004040    00008000   00000000    rw-
  20004040    20004040    00008000   00000000    rw- .sysmem
2000c040    2000c040    0000674c   0000674c    r-x
  2000c040    2000c040    0000674c   0000674c    r-x .text
2001278c    2001278c    000005fc   00000000    rw-
  2001278c    2001278c    000005fc   00000000    rw- .data
20012d88    20012d88    0000051a   0000051a    r--
  20012d88    20012d88    0000051a   0000051a    r-- .const
200132a8    200132a8    000003d4   00000000    rw-
  200132a8    200132a8    000003d4   00000000    rw- .bss
20013680    20013680    00000110   00000110    r--
  20013680    20013680    00000110   00000110    r-- .cinit


SECTION ALLOCATION MAP

 output                                  attributes/
section   page    origin      length       input sections
--------  ----  ----------  ----------   ----------------
.text      0    2000c040    0000674c     
                  2000c040    00000a4e     rtsv7M4_T_le_eabi.lib : _printfi.c.obj (.text:__TI_printfi)
                  2000ca8e    00000002     ti_drivers_config.obj (.text:Board_initHook)
                  2000ca90    0000042c     driverlib.a : prcm.obj (.text:PRCMCC3200MCUInit)
                  2000cebc    00000288     drivers_cc32xx.a : UARTCC32XX.oem4 (.text:UARTCC32XX_open)
                  2000d144    00000268     rtsv7M4_T_le_eabi.lib : _printfi.c.obj (.text:_pconv_a)
                  2000d3ac    00000250     gpiointerrupt.obj (.text:initI2C)
                  2000d5fc    000001e4     drivers_cc32xx.a : GPIOCC32XX.oem4 (.text:GPIO_setConfig)
                  2000d7e0    000001cc     rtsv7M4_T_le_eabi.lib : _printfi.c.obj (.text:_pconv_g)
                  2000d9ac    000001b6                           : fd_add_t2.asm.obj (.text)
                  2000db62    00000002     drivers_cc32xx.a : I2C.oem4 (.text:I2C_init)
                  2000db64    0000019c     nortos_cc32xx.a : PowerCC32XX_nortos.oem4 (.text:PowerCC32XX_sleepPolicy)
                  2000dd00    00000148     drivers_cc32xx.a : I2CCC32XX.oem4 (.text:I2CCC32XX_hwiFxn)
                  2000de48    00000148                      : PowerCC32XX.oem4 (.text:parkPins)
                  2000df90    0000013c     rtsv7M4_T_le_eabi.lib : _printfi.c.obj (.text:_pconv_e)
                  2000e0cc    00000138     drivers_cc32xx.a : PowerCC32XX.oem4 (.text:Power_sleep)
                  2000e204    00000136     rtsv7M4_T_le_eabi.lib : fd_div_t2.asm.obj (.text)
                  2000e33a    00000002     nortos_cc32xx.a : PowerCC32XX_nortos.oem4 (.text:PowerCC32XX_initPolicy)
                  2000e33c    00000128     drivers_cc32xx.a : TimerCC32XX.oem4 (.text:TimerCC32XX_open)
                  2000e464    00000122                      : I2C.oem4 (.text:I2C_transferTimeout)
                  2000e586    00000002                      : TimerCC32XX.oem4 (.text:TimerCC32XX_init)
                  2000e588    00000120                      : UARTCC32XX.oem4 (.text:UARTCC32XX_close)
                  2000e6a8    00000120     rtsv7M4_T_le_eabi.lib : _printfi.c.obj (.text:fcvt)
                  2000e7c8    00000120     gpiointerrupt.obj (.text:readTemp)
                  2000e8e8    0000010c     gpiointerrupt.obj (.text:mainThread)
                  2000e9f4    00000100     rtsv7M4_T_le_eabi.lib : memory.c.obj (.text:aligned_alloc)
                  2000eaf4    000000fc     drivers_cc32xx.a : I2CCC32XX.oem4 (.text:I2C_open)
                  2000ebf0    000000fc     rtsv7M4_T_le_eabi.lib : fd_mul_t2.asm.obj (.text)
                  2000ecec    000000f2     drivers_cc32xx.a : UARTCC32XX.oem4 (.text:UARTCC32XX_control)
                  2000edde    00000002                      : UARTCC32XX.oem4 (.text:UARTCC32XX_init)
                  2000ede0    000000e4     rtsv7M4_T_le_eabi.lib : memory.c.obj (.text:free)
                  2000eec4    000000e0     gpiointerrupt.obj (.text:CheckButtons)
                  2000efa4    000000d0     rtsv7M4_T_le_eabi.lib : s_scalbn.c.obj (.text:scalbn)
                  2000f074    000000ca     drivers_cc32xx.a : UARTCC32XX.oem4 (.text:UARTCC32XX_write)
                  2000f13e    00000002     rtsv7M4_T_le_eabi.lib : _lock.c.obj (.text:_nop)
                  2000f140    000000c4     drivers_cc32xx.a : GPIOCC32XX.oem4 (.text:GPIO_init)
                  2000f204    000000c0                      : PowerCC32XX.oem4 (.text:restoreParkedPins)
                  2000f2c4    000000ba                      : UARTCC32XX.oem4 (.text:UARTCC32XX_readPolling)
                  2000f37e    00000002     nortos_cc32xx.a : startup_cc32xx_ccs.oem4 (.text:busFaultHandler)
                  2000f380    000000b8     drivers_cc32xx.a : UARTCC32XX.oem4 (.text:initHw)
                  2000f438    000000b6                      : UARTCC32XX.oem4 (.text:readTaskCallback)
                  2000f4ee    000000b2                      : I2CCC32XX.oem4 (.text:I2CCC32XX_completeTransfer)
                  2000f5a0    000000b1     rtsv7M4_T_le_eabi.lib : _printfi.c.obj (.text:_ltostr)
                  2000f651    00000001     --HOLE-- [fill = 0]
                  2000f652    000000b0     drivers_cc32xx.a : UARTCC32XX.oem4 (.text:readTaskBlocking)
                  2000f702    000000ae                      : UARTCC32XX.oem4 (.text:readIsrTextBlocking)
                  2000f7b0    000000a8                      : I2CCC32XX.oem4 (.text:I2CCC32XX_primeWriteBurst)
                  2000f858    000000a8     driverlib.a : interrupt.obj (.text:IntEnable)
                  2000f900    000000a8     gpiointerrupt.obj (.text:OutputToServer)
                  2000f9a8    000000a8     drivers_cc32xx.a : PowerCC32XX.oem4 (.text:PowerCC32XX_configureWakeup)
                  2000fa50    000000a2                      : UARTCC32XX.oem4 (.text:readIsrTextCallback)
                  2000faf2    000000a2                      : UARTCC32XX.oem4 (.text:writeData)
                  2000fb94    000000a0     gpiointerrupt.obj (.text:CheckTemp)
                  2000fc34    000000a0     nortos_cc32xx.a : SemaphoreP_nortos.oem4 (.text:SemaphoreP_pend)
                  2000fcd4    0000009c     drivers_cc32xx.a : I2CCC32XX.oem4 (.text:I2CCC32XX_initHw)
                  2000fd70    0000009c     rtsv7M4_T_le_eabi.lib : memcpy_t2.asm.obj (.text)
                  2000fe0c    00000098     drivers_cc32xx.a : GPIOCC32XX.oem4 (.text:powerNotifyFxn)
                  2000fea4    00000096     rtsv7M4_T_le_eabi.lib : ull_div_t2.asm.obj (.text)
                  2000ff3a    00000002     nortos_cc32xx.a : SemaphoreP_nortos.oem4 (.text:clkFxn)
                  2000ff3c    00000090     drivers_cc32xx.a : PowerCC32XX.oem4 (.text:restoreNVICRegs)
                  2000ffcc    0000008c     nortos_cc32xx.a : HwiPCC32XX_nortos.oem4 (.text:HwiP_construct)
                  20010058    00000088     driverlib.a : interrupt.obj (.text:IntPendSet)
                  200100e0    00000088                 : pin.obj (.text:PinConfigSet)
                  20010168    00000088     drivers_cc32xx.a : TimerCC32XX.oem4 (.text:TimerCC32XX_setPeriod)
                  200101f0    00000086     rtsv7M4_T_le_eabi.lib : fd_cmp_t2.asm.obj (.text:__aeabi_cdcmple)
                  20010276    00000086                           : fd_cmp_t2.asm.obj (.text:__aeabi_cdrcmple)
                  200102fc    00000084     drivers_cc32xx.a : PowerCC32XX.oem4 (.text:Power_init)
                  20010380    00000084                      : PowerCC32XX.oem4 (.text:saveNVICRegs)
                  20010404    00000080                      : PowerCC32XX.oem4 (.text:Power_setDependency)
                  20010484    0000007c                      : UARTCC32XX.oem4 (.text:readIsrBinaryBlocking)
                  20010500    0000007a                      : I2CCC32XX.oem4 (.text:I2CCC32XX_primeReadBurst)
                  2001057a    0000007a     rtsv7M4_T_le_eabi.lib : fs_mul_t2.asm.obj (.text)
                  200105f4    0000007a                           : memset_t2.asm.obj (.text)
                  2001066e    00000002     nortos_cc32xx.a : startup_cc32xx_ccs.oem4 (.text:defaultHandler)
                  20010670    00000078     drivers_cc32xx.a : GPIOCC32XX.oem4 (.text:GPIO_hwiIntFxn)
                  200106e8    00000078                      : TimerCC32XX.oem4 (.text:TimerCC32XX_start)
                  20010760    00000078                      : UARTCC32XX.oem4 (.text:readIsrBinaryCallback)
                  200107d8    00000074                      : UARTCC32XX.oem4 (.text:UARTCC32XX_hwiIntFxn)
                  2001084c    00000070     rtsv7M4_T_le_eabi.lib : memory.c.obj (.text:split)
                  200108bc    0000006e                           : _printfi.c.obj (.text:_mcpy)
                  2001092a    0000006a     drivers_cc32xx.a : I2CCC32XX.oem4 (.text:I2CSupport_primeTransfer)
                  20010994    00000068     rtsv7M4_T_le_eabi.lib : copy_decompress_lzss.c.obj (.text:decompress:lzss:__TI_decompress_lzss)
                  200109fc    00000066     drivers_cc32xx.a : UARTCC32XX.oem4 (.text:UARTCC32XX_writeCancel)
                  20010a62    00000002     nortos_cc32xx.a : startup_cc32xx_ccs.oem4 (.text:faultISR)
                  20010a64    00000064     drivers_cc32xx.a : PowerCC32XX.oem4 (.text:PowerCC32XX_setParkState)
                  20010ac8    00000062                      : UARTCC32XX.oem4 (.text:UARTCC32XX_writePolling)
                  20010b2a    00000002     nortos_cc32xx.a : startup_cc32xx_ccs.oem4 (.text:nmiISR)
                  20010b2c    00000060     driverlib.a : prcm.obj (.text:PRCMSysResetCauseGet)
                  20010b8c    0000005c     drivers_cc32xx.a : GPIOCC32XX.oem4 (.text:GPIO_setCallback)
                  20010be8    0000005c     rtsv7M4_T_le_eabi.lib : s_frexp.c.obj (.text:frexp)
                  20010c44    0000005c     nortos_cc32xx.a : ClockPSysTick_nortos.oem4 (.text:sysTickInit)
                  20010ca0    00000058     drivers_cc32xx.a : GPIOCC32XX.oem4 (.text:GPIO_write)
                  20010cf8    00000058     driverlib.a : prcm.obj (.text:PRCMPeripheralReset)
                  20010d50    00000058     drivers_cc32xx.a : PowerCC32XX.oem4 (.text:Power_releaseDependency)
                  20010da8    00000056                      : TimerCC32XX.oem4 (.text:TimerCC32XX_stop)
                  20010dfe    00000056     rtsv7M4_T_le_eabi.lib : _printfi.c.obj (.text:_pconv_f)
                  20010e54    00000054                           : _ltoa.c.obj (.text:__TI_ltoa)
                  20010ea8    00000054     gpiointerrupt.obj (.text:initTimer)
                  20010efc    00000054     drivers_cc32xx.a : UARTCC32XX.oem4 (.text:ringBufGet)
                  20010f50    00000052                      : PowerCC32XX_asm.oem4 (.text:PowerCC32XX_resumeLPDS)
                  20010fa2    00000052     rtsv7M4_T_le_eabi.lib : _printfi.c.obj (.text:_ecpy)
                  20010ff4    00000052     drivers_cc32xx.a : TimerCC32XX.oem4 (.text:initHw)
                  20011046    00000002     rtsv7M4_T_le_eabi.lib : div0.asm.obj (.text)
                  20011048    00000050     nortos_cc32xx.a : ClockPSysTick_nortos.oem4 (.text:ClockP_sysTickHandler)
                  20011098    00000050                     : SemaphoreP_nortos.oem4 (.text:SemaphoreP_construct)
                  200110e8    00000050     drivers_cc32xx.a : TimerCC32XX.oem4 (.text:TimerCC32XX_allocateTimerResource)
                  20011138    0000004c                      : GPIOCC32XX.oem4 (.text:GPIO_enableInt)
                  20011184    0000004c                      : I2CCC32XX.oem4 (.text:I2CCC32XX_readRecieveFifo)
                  200111d0    0000004c                      : PowerCC32XX.oem4 (.text:PowerCC32XX_parkPin)
                  2001121c    0000004c     rtsv7M4_T_le_eabi.lib : atoi.c.obj (.text:atoi)
                  20011268    0000004c     drivers_cc32xx.a : PowerCC32XX.oem4 (.text:restorePeriphClocks)
                  200112b4    0000004c     rtsv7M4_T_le_eabi.lib : snprintf.c.obj (.text:snprintf)
                  20011300    00000048     driverlib.a : flash.obj (.text:FlashDisable)
                  20011348    00000048                 : prcm.obj (.text:PRCMLPDSEnter)
                  20011390    00000048                 : prcm.obj (.text:PRCMPeripheralClkEnable)
                  200113d8    00000048     drivers_cc32xx.a : PowerCC32XX.oem4 (.text:Power_releaseConstraint)
                  20011420    00000048     rtsv7M4_T_le_eabi.lib : fd_toi_t2.asm.obj (.text)
                  20011468    00000046     drivers_cc32xx.a : RingBuf.oem4 (.text:RingBuf_put)
                  200114ae    00000046                      : TimerCC32XX.oem4 (.text:getPrescaler)
                  200114f4    00000044     nortos_cc32xx.a : ClockPSysTick_nortos.oem4 (.text:ClockP_stop)
                  20011538    00000044     driverlib.a : prcm.obj (.text:PRCMLPDSRestoreInfoSet)
                  2001157c    00000044     drivers_cc32xx.a : PowerCC32XX_asm.oem4 (.text:PowerCC32XX_enterLPDS)
                  200115c0    00000044     nortos_cc32xx.a : SemaphoreP_nortos.oem4 (.text:SemaphoreP_post)
                  20011604    00000044                     : SwiP_nortos.oem4 (.text:SwiP_restore)
                  20011648    00000044     drivers_cc32xx.a : Timer.oem4 (.text:Timer_init)
                  2001168c    00000044                      : UART.oem4 (.text:UART_init)
                  200116d0    00000044     rtsv7M4_T_le_eabi.lib : autoinit.c.obj (.text:__TI_auto_init_nobinit_nopinit:__TI_auto_init_nobinit_nopinit)
                  20011714    00000044     gpiointerrupt.obj (.text:initUART)
                  20011758    00000040     nortos_cc32xx.a : ClockPSysTick_nortos.oem4 (.text:ClockP_construct)
                  20011798    00000040     driverlib.a : pin.obj (.text:PinModeSet)
                  200117d8    00000040     drivers_cc32xx.a : RingBuf.oem4 (.text:RingBuf_get)
                  20011818    00000040                      : Timer.oem4 (.text:Timer_open)
                  20011858    00000040                      : UARTCC32XX.oem4 (.text:UARTCC32XX_read)
                  20011898    00000040                      : UART.oem4 (.text:UART_open)
                  200118d8    0000003e     rtsv7M4_T_le_eabi.lib : _printfi.c.obj (.text:_fcpy)
                  20011916    00000002     --HOLE-- [fill = 0]
                  20011918    0000003c     nortos_cc32xx.a : ClockPSysTick_nortos.oem4 (.text:ClockP_destruct)
                  20011954    0000003c     drivers_cc32xx.a : PowerCC32XX.oem4 (.text:Power_setConstraint)
                  20011990    0000003a                      : TimerCC32XX.oem4 (.text:TimerCC32XX_close)
                  200119ca    0000003a     nortos_cc32xx.a : PowerCC32XX_nortos.oem4 (.text:getCountsRTC)
                  20011a04    00000038     driverlib.a : prcm.obj (.text:PRCMLPDSEnterKeepDebugIf)
                  20011a3c    00000038     drivers_cc32xx.a : TimerCC32XX.oem4 (.text:TimerCC32XX_hwiIntFunction)
                  20011a74    00000038     nortos_cc32xx.a : ClockPSysTick_nortos.oem4 (.text:addToList)
                  20011aac    00000038                     : startup_cc32xx_ccs.oem4 (.text:initVectors)
                  20011ae4    00000038     drivers_cc32xx.a : PowerCC32XX.oem4 (.text:notify)
                  20011b1c    00000038     rtsv7M4_T_le_eabi.lib : fs_toi_t2.asm.obj (.text)
                  20011b54    00000038                           : i_tofs_t2.asm.obj (.text)
                  20011b8c    00000036     driverlib.a : timer.obj (.text:TimerControlStall)
                  20011bc2    00000036     drivers_cc32xx.a : UARTCC32XX.oem4 (.text:UARTCC32XX_readCancel)
                  20011bf8    00000034     nortos_cc32xx.a : ClockPSysTick_nortos.oem4 (.text:ClockP_getTicksUntilInterrupt)
                  20011c2c    00000034                     : ClockPSysTick_nortos.oem4 (.text:ClockP_startup)
                  20011c60    00000034     driverlib.a : pin.obj (.text:PinModeGet)
                  20011c94    00000034     drivers_cc32xx.a : PowerCC32XX.oem4 (.text:PowerCC32XX_restoreParkState)
                  20011cc8    00000034                      : TimerCC32XX.oem4 (.text:TimerCC32XX_freeTimerResource)
                  20011cfc    00000034                      : TimerCC32XX.oem4 (.text:getPowerMgrId)
                  20011d30    00000030     nortos_cc32xx.a : ClockPSysTick_nortos.oem4 (.text:ClockP_start)
                  20011d60    00000030     drivers_cc32xx.a : PowerCC32XX.oem4 (.text:PowerCC32XX_restoreParkedPin)
                  20011d90    00000030     rtsv7M4_T_le_eabi.lib : snprintf.c.obj (.text:_outs)
                  20011dc0    0000002e                           : i_tofd_t2.asm.obj (.text)
                  20011dee    00000002     --HOLE-- [fill = 0]
                  20011df0    0000002c     drivers_cc32xx.a : PowerCC32XX.oem4 (.text:PowerCC32XX_getParkState)
                  20011e1c    0000002a     nortos_cc32xx.a : HwiPCC32XX_nortos.oem4 (.text:HwiP_create)
                  20011e46    0000002a     driverlib.a : timer.obj (.text:TimerLoadSet)
                  20011e70    0000002a                 : timer.obj (.text:TimerPrescaleSet)
                  20011e9a    00000028                 : i2c.obj (.text:I2CFIFODataPutNonBlocking)
                  20011ec2    00000002     --HOLE-- [fill = 0]
                  20011ec4    00000028                 : prcm.obj (.text:PRCMPeripheralClkDisable)
                  20011eec    00000028     drivers_cc32xx.a : PowerCC32XX.oem4 (.text:Power_registerNotify)
                  20011f14    00000028     rtsv7M4_T_le_eabi.lib : memory.c.obj (.text:free_list_insert)
                  20011f3c    00000026     driverlib.a : i2c.obj (.text:I2CFIFODataGetNonBlocking)
                  20011f62    00000026     drivers_cc32xx.a : I2C.oem4 (.text:I2C_cancel)
                  20011f88    00000026                      : List.oem4 (.text:List_put)
                  20011fae    00000026                      : List.oem4 (.text:List_remove)
                  20011fd4    00000024     nortos_cc32xx.a : HwiPCC32XX_nortos.oem4 (.text:HwiP_dispatch)
                  20011ff8    00000024     drivers_cc32xx.a : PowerCC32XX.oem4 (.text:PowerCC32XX_reset)
                  2001201c    00000024     rtsv7M4_T_le_eabi.lib : boot_cortex_m.c.obj (.text:_c_int00_noargs:_c_int00_noargs)
                  20012040    00000022     driverlib.a : i2c.obj (.text:I2CMasterSlaveAddrSet)
                  20012062    00000020     nortos_cc32xx.a : HwiPCC32XX_nortos.oem4 (.text:HwiP_destruct)
                  20012082    00000002     --HOLE-- [fill = 0]
                  20012084    00000020     drivers_cc32xx.a : PowerCC32XX.oem4 (.text:Power_unregisterNotify)
                  200120a4    00000020                      : RingBuf.oem4 (.text:RingBuf_peek)
                  200120c4    00000020                      : UARTCC32XX.oem4 (.text:getPowerMgrId)
                  200120e4    0000001e     driverlib.a : i2c.obj (.text:I2CMasterIntStatusEx)
                  20012102    0000001e     nortos_cc32xx.a : SemaphoreP_nortos.oem4 (.text:SemaphoreP_constructBinary)
                  20012120    0000001e     driverlib.a : timer.obj (.text:TimerDisable)
                  2001213e    0000001e                 : timer.obj (.text:TimerEnable)
                  2001215c    0000001c                 : pin.obj (.text:PinToPadGet)
                  20012178    0000001c     nortos_cc32xx.a : SwiP_nortos.oem4 (.text:SwiP_disable)
                  20012194    0000001c     rtsv7M4_T_le_eabi.lib : copy_zero_init.c.obj (.text:decompress:ZI:__TI_zero_init_nomemset:__TI_zero_init_nomemset)
                  200121b0    0000001c                           : memory.c.obj (.text:free_list_remove)
                  200121cc    0000001c                           : memccpy.c.obj (.text:memccpy)
                  200121e8    0000001a     nortos_cc32xx.a : ClockPSysTick_nortos.oem4 (.text:ClockP_create)
                  20012202    0000001a                     : SemaphoreP_nortos.oem4 (.text:SemaphoreP_createBinary)
                  2001221c    0000001a                     : startup_cc32xx_ccs.oem4 (.text:resetISR)
                  20012236    00000018     driverlib.a : i2c.obj (.text:I2CMasterBusBusy)
                  2001224e    00000018                 : i2c.obj (.text:I2CMasterIntDisableEx)
                  20012266    00000018                 : i2c.obj (.text:I2CMasterIntEnableEx)
                  2001227e    00000018                 : i2c.obj (.text:I2CRxFIFOFlush)
                  20012296    00000018                 : i2c.obj (.text:I2CTxFIFOFlush)
                  200122ae    00000002     --HOLE-- [fill = 0]
                  200122b0    00000018     drivers_cc32xx.a : PowerCC32XX.oem4 (.text:Power_getTransitionLatency)
                  200122c8    00000018                      : PowerCC32XX.oem4 (.text:Power_idleFunc)
                  200122e0    00000018                      : TimerCC32XX.oem4 (.text:TimerCC32XX_getCount)
                  200122f8    00000018     driverlib.a : timer.obj (.text:TimerIntDisable)
                  20012310    00000018                 : timer.obj (.text:TimerIntEnable)
                  20012328    00000018                 : uart.obj (.text:UARTBusy)
                  20012340    00000018                 : uart.obj (.text:UARTIntEnable)
                  20012358    00000018     drivers_cc32xx.a : UART.oem4 (.text:UART_Params_init)
                  20012370    00000018     rtsv7M4_T_le_eabi.lib : snprintf.c.obj (.text:_outc)
                  20012388    00000018     gpiointerrupt.obj (.text:gpioButtonFxn0)
                  200123a0    00000018     gpiointerrupt.obj (.text:gpioButtonFxn1)
                  200123b8    00000018     rtsv7M4_T_le_eabi.lib : ll_mul_t2.asm.obj (.text)
                  200123d0    00000018     gpiointerrupt.obj (.text:timerCallback)
                  200123e8    00000016     driverlib.a : i2c.obj (.text:I2CMasterBurstLengthSet)
                  200123fe    00000016                 : prcm.obj (.text:PRCMHIBRegRead)
                  20012414    00000016                 : prcm.obj (.text:PRCMHIBRegWrite)
                  2001242a    00000016     nortos_cc32xx.a : SemaphoreP_nortos.oem4 (.text:SemaphoreP_create)
                  20012440    00000016     rtsv7M4_T_le_eabi.lib : strchr.c.obj (.text:strchr)
                  20012456    00000014     driverlib.a : cpu.obj (.text:CPUcpsid)
                  2001246a    00000002     --HOLE-- [fill = 0]
                  2001246c    00000014     nortos_cc32xx.a : HwiPCC32XX_nortos.oem4 (.text:HwiP_inISR)
                  20012480    00000014     drivers_cc32xx.a : I2CCC32XX.oem4 (.text:I2CSupport_masterFinish)
                  20012494    00000014                      : I2C.oem4 (.text:I2C_transfer)
                  200124a8    00000014     driverlib.a : interrupt.obj (.text:IntVTableBaseSet)
                  200124bc    00000014     drivers_cc32xx.a : PowerCC32XX.oem4 (.text:Power_disablePolicy)
                  200124d0    00000014                      : PowerCC32XX.oem4 (.text:Power_getDependencyCount)
                  200124e4    00000014                      : UARTCC32XX.oem4 (.text:releasePowerConstraint)
                  200124f8    00000014     rtsv7M4_T_le_eabi.lib : strlen.c.obj (.text:strlen)
                  2001250c    00000012     nortos_cc32xx.a : HwiPCC32XX_nortos.oem4 (.text:HwiP_Params_init)
                  2001251e    00000012     driverlib.a : i2c.obj (.text:I2CMasterIntClearEx)
                  20012530    00000012     drivers_cc32xx.a : RingBuf.oem4 (.text:RingBuf_construct)
                  20012542    00000012     driverlib.a : timer.obj (.text:TimerIntClear)
                  20012554    00000012     main_nortos.obj (.text:main)
                  20012566    00000012     rtsv7M4_T_le_eabi.lib : wcslen.c.obj (.text:wcslen)
                  20012578    00000010     ti_drivers_config.obj (.text:Board_init)
                  20012588    00000010     nortos_cc32xx.a : ClockPSysTick_nortos.oem4 (.text:ClockP_add)
                  20012598    00000010                     : ClockPSysTick_nortos.oem4 (.text:ClockP_delete)
                  200125a8    00000010                     : ClockPSysTick_nortos.oem4 (.text:ClockP_getCpuFreq)
                  200125b8    00000010                     : ClockPSysTick_nortos.oem4 (.text:ClockP_getSystemTicks)
                  200125c8    00000010                     : ClockPSysTick_nortos.oem4 (.text:ClockP_setTicks)
                  200125d8    00000010                     : HwiPCC32XX_nortos.oem4 (.text:HwiP_delete)
                  200125e8    00000010                     : HwiPCC32XX_nortos.oem4 (.text:HwiP_restore)
                  200125f8    00000010     driverlib.a : i2c.obj (.text:I2CFIFOStatus)
                  20012608    00000010     drivers_cc32xx.a : I2C.oem4 (.text:I2C_Params_init)
                  20012618    00000010                      : PowerCC32XX.oem4 (.text:Power_enablePolicy)
                  20012628    00000010     nortos_cc32xx.a : SemaphoreP_nortos.oem4 (.text:SemaphoreP_Params_init)
                  20012638    00000010     drivers_cc32xx.a : Timer.oem4 (.text:Timer_Params_init)
                  20012648    00000010                      : UARTCC32XX.oem4 (.text:readBlockingTimeout)
                  20012658    0000000e     nortos_cc32xx.a : HwiPCC32XX_nortos.oem4 (.text:HwiP_clearInterrupt)
                  20012666    0000000e                     : HwiPCC32XX_nortos.oem4 (.text:HwiP_disable)
                  20012674    0000000e                     : HwiPCC32XX_nortos.oem4 (.text:HwiP_disableInterrupt)
                  20012682    0000000e                     : HwiPCC32XX_nortos.oem4 (.text:HwiP_enable)
                  20012690    0000000e                     : HwiPCC32XX_nortos.oem4 (.text:HwiP_enableInterrupt)
                  2001269e    0000000e     drivers_cc32xx.a : I2CCC32XX.oem4 (.text:I2CCC32XX_updateReg)
                  200126ac    0000000e                      : RingBuf.oem4 (.text:RingBuf_isFull)
                  200126ba    0000000e     rtsv7M4_T_le_eabi.lib : copy_decompress_none.c.obj (.text:decompress:none:__TI_decompress_none)
                  200126c8    0000000c     drivers_cc32xx.a : I2CCC32XX.oem4 (.text:I2CCC32XX_postNotify)
                  200126d4    0000000c                      : PowerCC32XX.oem4 (.text:Power_getConstraintMask)
                  200126e0    0000000c     rtsv7M4_T_le_eabi.lib : s_copysign.c.obj (.text:copysign)
                  200126ec    0000000c     drivers_cc32xx.a : TimerCC32XX.oem4 (.text:postNotifyFxn)
                  200126f8    0000000c                      : UARTCC32XX.oem4 (.text:postNotifyFxn)
                  20012704    0000000a     nortos_cc32xx.a : ClockPSysTick_nortos.oem4 (.text:ClockP_Params_init)
                  2001270e    0000000a                     : ClockPSysTick_nortos.oem4 (.text:ClockP_isActive)
                  20012718    0000000a     driverlib.a : interrupt.obj (.text:IntMasterDisable)
                  20012722    0000000a     drivers_cc32xx.a : Timer.oem4 (.text:Timer_start)
                  2001272c    0000000a                      : UART.oem4 (.text:UART_write)
                  20012736    00000008                      : I2CCC32XX.oem4 (.text:I2CCC32XX_blockingCallback)
                  2001273e    00000002     --HOLE-- [fill = 0]
                  20012740    00000008     rtsv7M4_T_le_eabi.lib : errno.c.obj (.text:__aeabi_errno_addr)
                  20012748    00000008                           : memory.c.obj (.text:malloc)
                  20012750    00000008     drivers_cc32xx.a : UARTCC32XX.oem4 (.text:readSemCallback)
                  20012758    00000008                      : UARTCC32XX.oem4 (.text:writeSemCallback)
                  20012760    00000006                      : I2CCC32XX.oem4 (.text:I2CSupport_powerRelConstraint)
                  20012766    00000006                      : I2CCC32XX.oem4 (.text:I2CSupport_powerSetConstraint)
                  2001276c    00000006                      : TimerCC32XX.oem4 (.text:TimerCC32XX_control)
                  20012772    00000006     driverlib.a : utils.obj (.text:UtilsDelay)
                  20012778    00000004     nortos_cc32xx.a : ClockPSysTick_nortos.oem4 (.text:ClockP_setTimeout)
                  2001277c    00000004                     : HwiPCC32XX_nortos.oem4 (.text:HwiP_post)
                  20012780    00000004                     : SemaphoreP_nortos.oem4 (.text:SemaphoreP_delete)
                  20012784    00000004     rtsv7M4_T_le_eabi.lib : pre_init.c.obj (.text:_system_pre_init)
                  20012788    00000004                           : exit.c.obj (.text:abort:abort)

.const     0    20012d88    0000051a     
                  20012d88    00000101     rtsv7M4_T_le_eabi.lib : ctype.c.obj (.const:.string:_ctypes_)
                  20012e89    00000003     --HOLE-- [fill = 0]
                  20012e8c    00000100     driverlib.a : pin.obj (.const:g_ulPinToPadMap)
                  20012f8c    000000a8                 : prcm.obj (.const:PRCM_PeriphRegsList)
                  20013034    00000044     ti_drivers_config.obj (.const:PowerCC32XX_config)
                  20013078    00000028     drivers_cc32xx.a : UARTCC32XX.oem4 (.const:UARTCC32XX_fxnTable)
                  200130a0    00000024                      : UART.oem4 (.const:UART_defaultParams)
                  200130c4    00000024     ti_drivers_config.obj (.const:uartCC32XXHWAttrs0)
                  200130e8    00000021     drivers_cc32xx.a : GPIOCC32XX.oem4 (.const:.string:pinTable)
                  20013109    00000003     --HOLE-- [fill = 0]
                  2001310c    00000020                      : TimerCC32XX.oem4 (.const:TimerCC32XX_fxnTable)
                  2001312c    00000020                      : UARTCC32XX.oem4 (.const:staticFxnTable)
                  2001314c    00000018     driverlib.a : interrupt.obj (.const:g_pulEnRegs)
                  20013164    00000018                 : interrupt.obj (.const:g_pulPendRegs)
                  2001317c    00000018     gpiointerrupt.obj (.const:sensors)
                  20013194    00000014     ti_drivers_config.obj (.const:GPIOCC32XX_config)
                  200131a8    00000014     drivers_cc32xx.a : GPIOCC32XX.oem4 (.const:gpioBaseAddresses)
                  200131bc    00000014     ti_drivers_config.obj (.const:i2cCC32XXHWAttrs)
                  200131d0    00000014     drivers_cc32xx.a : UARTCC32XX.oem4 (.const:parityType)
                  200131e4    00000014                      : GPIOCC32XX.oem4 (.const:powerResources)
                  200131f8    00000010                      : I2C.oem4 (.const:I2C_defaultParams)
                  20013208    00000010                      : I2CCC32XX.oem4 (.const:I2C_defaultParams)
                  20013218    00000010                      : UARTCC32XX.oem4 (.const:dataLength)
                  20013228    00000010     ti_drivers_config.obj (.const:timerCC32XXHWAttrs)
                  20013238    0000000c     gpiointerrupt.obj (.const:.string)
                  20013244    0000000c     ti_drivers_config.obj (.const:Timer_config)
                  20013250    0000000c     ti_drivers_config.obj (.const:UART_config)
                  2001325c    0000000c     drivers_cc32xx.a : Timer.oem4 (.const:defaultParams)
                  20013268    00000009     ti_drivers_config.obj (.const)
                  20013271    00000003     --HOLE-- [fill = 0]
                  20013274    00000008     ti_drivers_config.obj (.const:I2C_config)
                  2001327c    00000008     drivers_cc32xx.a : GPIOCC32XX.oem4 (.const:outPinTypes)
                  20013284    00000008                      : UARTCC32XX.oem4 (.const:stopBits)
                  2001328c    00000006                      : GPIOCC32XX.oem4 (.const:.string:interruptType)
                  20013292    00000006                      : GPIOCC32XX.oem4 (.const:inPinTypes)
                  20013298    00000006                      : GPIOCC32XX.oem4 (.const:outPinStrengths)
                  2001329e    00000004                      : GPIOCC32XX.oem4 (.const:.string:portInterruptIds)

.cinit     0    20013680    00000110     
                  20013680    000000eb     (.cinit..data.load) [load image, compression = lzss]
                  2001376b    00000001     --HOLE-- [fill = 0]
                  2001376c    0000000c     (__TI_handler_table)
                  20013778    00000008     (.cinit..bss.load) [load image, compression = zero_init]
                  20013780    00000010     (__TI_cinit_table)

.init_array 
*          0    20004000    00000000     UNINITIALIZED

.ramVecs   0    20000000    0000030c     NOLOAD SECTION
                  20000000    0000030c     nortos_cc32xx.a : startup_cc32xx_ccs.oem4 (.ramVecs)

.stack     0    20003000    00001000     UNINITIALIZED
                  20003000    00000004     rtsv7M4_T_le_eabi.lib : boot_cortex_m.c.obj (.stack)
                  20003004    00000ffc     --HOLE--

.resetVecs 
*          0    20004000    00000040     
                  20004000    00000040     nortos_cc32xx.a : startup_cc32xx_ccs.oem4 (.resetVecs:retain)

.sysmem    0    20004040    00008000     UNINITIALIZED
                  20004040    00000010     rtsv7M4_T_le_eabi.lib : memory.c.obj (.sysmem)
                  20004050    00007ff0     --HOLE--

.data      0    2001278c    000005fc     UNINITIALIZED
                  2001278c    0000030c     nortos_cc32xx.a : HwiPCC32XX_nortos.oem4 (.data:HwiP_dispatchTable)
                  20012a98    0000016c     drivers_cc32xx.a : PowerCC32XX.oem4 (.data:PowerCC32XX_module)
                  20012c04    000000f8     ti_drivers_config.obj (.data:parkInfo)
                  20012cfc    00000024     gpiointerrupt.obj (.data:tasks)
                  20012d20    00000018     gpiointerrupt.obj (.data)
                  20012d38    0000000c     ti_drivers_config.obj (.data:gpioCallbackFunctions)
                  20012d44    0000000c     ti_drivers_config.obj (.data:gpioPinConfigs)
                  20012d50    00000009     drivers_cc32xx.a : GPIOCC32XX.oem4 (.data)
                  20012d59    00000003     nortos_cc32xx.a : SemaphoreP_nortos.oem4 (.data)
                  20012d5c    00000008     rtsv7M4_T_le_eabi.lib : _lock.c.obj (.data:$O1$$)
                  20012d64    00000008                           : memory.c.obj (.data:$O1$$)
                  20012d6c    00000008     nortos_cc32xx.a : SemaphoreP_nortos.oem4 (.data:SemaphoreP_defaultParams)
                  20012d74    00000008                     : HwiPCC32XX_nortos.oem4 (.data)
                  20012d7c    00000005                     : ClockPSysTick_nortos.oem4 (.data)
                  20012d81    00000001     drivers_cc32xx.a : Timer.oem4 (.data)
                  20012d82    00000001                      : UART.oem4 (.data)
                  20012d83    00000001     --HOLE--
                  20012d84    00000004     rtsv7M4_T_le_eabi.lib : errno.c.obj (.data)

.bss       0    200132a8    000003d4     UNINITIALIZED
                  200132a8    0000012c     (.common:PowerCC32XX_contextSave)
                  200133d4    000000fc     (.common:i2cCC32XXObjects)
                  200134d0    00000084     (.common:uartCC32XXObjects0)
                  20013554    00000040     (.common:output)
                  20013594    00000034     (.common:timerCC32XXObjects)
                  200135c8    00000020     drivers_cc32xx.a : GPIOCC32XX.oem4 (.bss:gpioCallbackInfo)
                  200135e8    00000020     ti_drivers_config.obj (.bss:uartCC32XXRingBuffer0)
                  20013608    00000020     (.common:i2cTransaction)
                  20013628    00000014     drivers_cc32xx.a : GPIOCC32XX.oem4 (.bss:powerNotifyObj)
                  2001363c    00000004                      : GPIOCC32XX.oem4 (.bss)
                  20013640    00000010     (.common:ClockP_ctrl)
                  20013650    0000000d     nortos_cc32xx.a : SwiP_nortos.oem4 (.bss)
                  2001365d    00000001     (.common:CB_State)
                  2001365e    00000001     (.common:CT_State)
                  2001365f    00000001     (.common:OTS_State)
                  20013660    00000004                     : ClockPSysTick_nortos.oem4 (.bss)
                  20013664    00000004     drivers_cc32xx.a : TimerCC32XX.oem4 (.bss:timerState)
                  20013668    00000004     (.common:i2c)
                  2001366c    00000004     (.common:rxBuffer)
                  20013670    00000004     (.common:timer0)
                  20013674    00000004     (.common:txBuffer)
                  20013678    00000004     (.common:uart)

.log_data 
*          0    90000000    00000000     COPY SECTION

__llvm_prf_cnts 
*          0    20004000    00000000     UNINITIALIZED

MODULE SUMMARY

       Module                       code    ro data   rw data
       ------                       ----    -------   -------
    .\
       gpiointerrupt.obj            1924    36        179    
       main_nortos.obj              18      0         0      
    +--+----------------------------+-------+---------+---------+
       Total:                       1942    36        179    
                                                             
    .\syscfg\
       ti_drivers_config.obj        18      201       740    
    +--+----------------------------+-------+---------+---------+
       Total:                       18      201       740    
                                                             
    C:/ti/simplelink_cc32xx_sdk_4_30_00_06/kernel/nortos/lib/ccs/m4/nortos_cc32xx.a
       HwiPCC32XX_nortos.oem4       394     0         788    
       startup_cc32xx_ccs.oem4      90      64        780    
       ClockPSysTick_nortos.oem4    702     0         25     
       PowerCC32XX_nortos.oem4      472     0         0      
       SemaphoreP_nortos.oem4       408     0         11     
       SwiP_nortos.oem4             96      0         13     
    +--+----------------------------+-------+---------+---------+
       Total:                       2162    64        1617   
                                                             
    C:/ti/simplelink_cc32xx_sdk_4_30_00_06/source/ti/devices/cc32xx/driverlib/ccs/Release/driverlib.a
       prcm.obj                     1604    168       0      
       pin.obj                      280     256       0      
       interrupt.obj                334     48        0      
       i2c.obj                      318     0         0      
       timer.obj                    264     0         0      
       flash.obj                    72      0         0      
       uart.obj                     48      0         0      
       cpu.obj                      20      0         0      
       utils.obj                    6       0         0      
    +--+----------------------------+-------+---------+---------+
       Total:                       2946    472       0      
                                                             
    C:/ti/simplelink_cc32xx_sdk_4_30_00_06/source/ti/drivers/lib/ccs/m4/drivers_cc32xx.a
       UARTCC32XX.oem4              3466    116       0      
       PowerCC32XX.oem4             2432    0         664    
       I2CCC32XX.oem4               1452    16        0      
       GPIOCC32XX.oem4              1208    103       65     
       TimerCC32XX.oem4             1132    32        4      
       I2C.oem4                     366     16        0      
       UART.oem4                    166     36        1      
       RingBuf.oem4                 198     0         0      
       Timer.oem4                   158     12        1      
       PowerCC32XX_asm.oem4         150     0         0      
       List.oem4                    76      0         0      
    +--+----------------------------+-------+---------+---------+
       Total:                       10804   331       735    
                                                             
    C:\ti\ccs1220\ccs\tools\compiler\ti-cgt-arm_20.2.7.LTS\lib\rtsv7M4_T_le_eabi.lib
       _printfi.c.obj               4835    0         0      
       memory.c.obj                 672     0         8      
       fd_add_t2.asm.obj            438     0         0      
       fd_div_t2.asm.obj            310     0         0      
       fd_cmp_t2.asm.obj            268     0         0      
       ctype.c.obj                  0       257       0      
       fd_mul_t2.asm.obj            252     0         0      
       s_scalbn.c.obj               208     0         0      
       memcpy_t2.asm.obj            156     0         0      
       ull_div_t2.asm.obj           150     0         0      
       snprintf.c.obj               148     0         0      
       fs_mul_t2.asm.obj            122     0         0      
       memset_t2.asm.obj            122     0         0      
       copy_decompress_lzss.c.obj   104     0         0      
       s_frexp.c.obj                92      0         0      
       _ltoa.c.obj                  84      0         0      
       atoi.c.obj                   76      0         0      
       fd_toi_t2.asm.obj            72      0         0      
       autoinit.c.obj               68      0         0      
       fs_toi_t2.asm.obj            56      0         0      
       i_tofs_t2.asm.obj            56      0         0      
       i_tofd_t2.asm.obj            46      0         0      
       boot_cortex_m.c.obj          36      0         0      
       copy_zero_init.c.obj         28      0         0      
       memccpy.c.obj                28      0         0      
       ll_mul_t2.asm.obj            24      0         0      
       strchr.c.obj                 22      0         0      
       strlen.c.obj                 20      0         0      
       wcslen.c.obj                 18      0         0      
       copy_decompress_none.c.obj   14      0         0      
       errno.c.obj                  8       0         4      
       s_copysign.c.obj             12      0         0      
       _lock.c.obj                  2       0         8      
       exit.c.obj                   4       0         0      
       pre_init.c.obj               4       0         0      
       div0.asm.obj                 2       0         0      
    +--+----------------------------+-------+---------+---------+
       Total:                       8557    257       20     
                                                             
       Heap:                        0       0         32768  
       Stack:                       0       0         4096   
       Linker Generated:            0       271       0      
    +--+----------------------------+-------+---------+---------+
       Grand Total:                 26429   1632      40155  


LINKER GENERATED COPY TABLES

__TI_cinit_table @ 20013780 records: 2, size/record: 8, table size: 16
	.data: load addr=20013680, load size=000000eb bytes, run addr=2001278c, run size=000005fc bytes, compression=lzss
	.bss: load addr=20013778, load size=00000008 bytes, run addr=200132a8, run size=000003d4 bytes, compression=zero_init


LINKER GENERATED HANDLER TABLE

__TI_handler_table @ 2001376c records: 3, size/record: 4, table size: 12
	index: 0, handler: __TI_decompress_lzss
	index: 1, handler: __TI_decompress_none
	index: 2, handler: __TI_zero_init


GLOBAL SYMBOLS: SORTED ALPHABETICALLY BY Name 

address   name                             
-------   ----                             
20012579  Board_init                       
2000ca8f  Board_initHook                   
20012789  C$$EXIT                          
2001365d  CB_State                         
20013268  CONFIG_GPIO_BUTTON_0_CONST       
20013269  CONFIG_GPIO_BUTTON_1_CONST       
2001326a  CONFIG_GPIO_LED_0_CONST          
2001326b  CONFIG_I2C_0_CONST               
2001326d  CONFIG_TIMER_0_CONST             
2001326f  CONFIG_UART_0_CONST              
20012457  CPUcpsid                         
2001365e  CT_State                         
2000eec5  CheckButtons                     
2000fb95  CheckTemp                        
20012705  ClockP_Params_init               
20012589  ClockP_add                       
20011759  ClockP_construct                 
200121e9  ClockP_create                    
20013640  ClockP_ctrl                      
20012599  ClockP_delete                    
20011919  ClockP_destruct                  
20011049  ClockP_doTick                    
200125a9  ClockP_getCpuFreq                
200125b9  ClockP_getSystemTicks            
20011bf9  ClockP_getTicksUntilInterrupt    
2001270f  ClockP_isActive                  
200125c9  ClockP_setTicks                  
20012779  ClockP_setTimeout                
20011d31  ClockP_start                     
20011c2d  ClockP_startup                   
200114f5  ClockP_stop                      
20011049  ClockP_sysTickHandler            
20012d7c  ClockP_tickPeriod                
20011301  FlashDisable                     
20013194  GPIOCC32XX_config                
20011139  GPIO_enableInt                   
20010671  GPIO_hwiIntFxn                   
2000f141  GPIO_init                        
20010b8d  GPIO_setCallback                 
2000d5fd  GPIO_setConfig                   
20010ca1  GPIO_write                       
2001250d  HwiP_Params_init                 
20012659  HwiP_clearInterrupt              
2000ffcd  HwiP_construct                   
20011e1d  HwiP_create                      
200125d9  HwiP_delete                      
20012063  HwiP_destruct                    
20012667  HwiP_disable                     
20012675  HwiP_disableInterrupt            
20011fd5  HwiP_dispatch                    
20012683  HwiP_enable                      
20012691  HwiP_enableInterrupt             
2001246d  HwiP_inISR                       
20012d74  HwiP_key                         
2001277d  HwiP_post                        
200125e9  HwiP_restore                     
20012d78  HwiP_swiPIntNum                  
20011f3d  I2CFIFODataGetNonBlocking        
20011e9b  I2CFIFODataPutNonBlocking        
200125f9  I2CFIFOStatus                    
200123e9  I2CMasterBurstLengthSet          
20012237  I2CMasterBusBusy                 
2001251f  I2CMasterIntClearEx              
2001224f  I2CMasterIntDisableEx            
20012267  I2CMasterIntEnableEx             
200120e5  I2CMasterIntStatusEx             
20012041  I2CMasterSlaveAddrSet            
2001227f  I2CRxFIFOFlush                   
20012481  I2CSupport_masterFinish          
20012761  I2CSupport_powerRelConstraint    
20012767  I2CSupport_powerSetConstraint    
2001092b  I2CSupport_primeTransfer         
20012297  I2CTxFIFOFlush                   
20012609  I2C_Params_init                  
20011f63  I2C_cancel                       
20013274  I2C_config                       
2001326c  I2C_count                        
200131f8  I2C_defaultParams                
2000db63  I2C_init                         
2000eaf5  I2C_open                         
20012495  I2C_transfer                     
2000e465  I2C_transferTimeout              
UNDEFED   ITM_flush                        
UNDEFED   ITM_restore                      
2000f859  IntEnable                        
20012719  IntMasterDisable                 
20010059  IntPendSet                       
200124a9  IntVTableBaseSet                 
20011f89  List_put                         
20011faf  List_remove                      
20012683  NoRTOS_start                     
2001365f  OTS_State                        
2000f901  OutputToServer                   
2000ca91  PRCMCC3200MCUInit                
200123ff  PRCMHIBRegRead                   
20012415  PRCMHIBRegWrite                  
20011349  PRCMLPDSEnter                    
20011a05  PRCMLPDSEnterKeepDebugIf         
20011539  PRCMLPDSRestoreInfoSet           
20011ec5  PRCMPeripheralClkDisable         
20011391  PRCMPeripheralClkEnable          
20010cf9  PRCMPeripheralReset              
20010b2d  PRCMSysResetCauseGet             
200100e1  PinConfigSet                     
20011c61  PinModeGet                       
20011799  PinModeSet                       
2001215d  PinToPadGet                      
20013034  PowerCC32XX_config               
2000f9a9  PowerCC32XX_configureWakeup      
200132a8  PowerCC32XX_contextSave          
2001157d  PowerCC32XX_enterLPDS            
20011df1  PowerCC32XX_getParkState         
2000e33b  PowerCC32XX_initPolicy           
20012a98  PowerCC32XX_module               
200111d1  PowerCC32XX_parkPin              
20011ff9  PowerCC32XX_reset                
20011c95  PowerCC32XX_restoreParkState     
20011d61  PowerCC32XX_restoreParkedPin     
20010f51  PowerCC32XX_resumeLPDS           
20010a65  PowerCC32XX_setParkState         
2000db65  PowerCC32XX_sleepPolicy          
200124bd  Power_disablePolicy              
20012619  Power_enablePolicy               
200126d5  Power_getConstraintMask          
200124d1  Power_getDependencyCount         
200122b1  Power_getTransitionLatency       
200122c9  Power_idleFunc                   
200102fd  Power_init                       
20011eed  Power_registerNotify             
200113d9  Power_releaseConstraint          
20010d51  Power_releaseDependency          
20011955  Power_setConstraint              
20010405  Power_setDependency              
2000e0cd  Power_sleep                      
20012085  Power_unregisterNotify           
20012531  RingBuf_construct                
200117d9  RingBuf_get                      
200126ad  RingBuf_isFull                   
200120a5  RingBuf_peek                     
20011469  RingBuf_put                      
20012629  SemaphoreP_Params_init           
20011099  SemaphoreP_construct             
20012103  SemaphoreP_constructBinary       
2001242b  SemaphoreP_create                
20012203  SemaphoreP_createBinary          
20012d6c  SemaphoreP_defaultParams         
20012781  SemaphoreP_delete                
2000fc35  SemaphoreP_pend                  
200115c1  SemaphoreP_post                  
20012179  SwiP_disable                     
20011605  SwiP_restore                     
200110e9  TimerCC32XX_allocateTimerResource
20011991  TimerCC32XX_close                
2001276d  TimerCC32XX_control              
20011cc9  TimerCC32XX_freeTimerResource    
2001310c  TimerCC32XX_fxnTable             
200122e1  TimerCC32XX_getCount             
2000e587  TimerCC32XX_init                 
2000e33d  TimerCC32XX_open                 
20010169  TimerCC32XX_setPeriod            
200106e9  TimerCC32XX_start                
20010da9  TimerCC32XX_stop                 
20011b8d  TimerControlStall                
20012121  TimerDisable                     
2001213f  TimerEnable                      
20012543  TimerIntClear                    
200122f9  TimerIntDisable                  
20012311  TimerIntEnable                   
20011e47  TimerLoadSet                     
20011e71  TimerPrescaleSet                 
20012639  Timer_Params_init                
20013244  Timer_config                     
2001326e  Timer_count                      
20011649  Timer_init                       
20011819  Timer_open                       
20012723  Timer_start                      
20012329  UARTBusy                         
2000e589  UARTCC32XX_close                 
2000eced  UARTCC32XX_control               
20013078  UARTCC32XX_fxnTable              
2000eddf  UARTCC32XX_init                  
2000cebd  UARTCC32XX_open                  
20011859  UARTCC32XX_read                  
20011bc3  UARTCC32XX_readCancel            
2000f2c5  UARTCC32XX_readPolling           
2000f075  UARTCC32XX_write                 
200109fd  UARTCC32XX_writeCancel           
20010ac9  UARTCC32XX_writePolling          
20012341  UARTIntEnable                    
20012359  UART_Params_init                 
20013250  UART_config                      
20013270  UART_count                       
200130a0  UART_defaultParams               
2001168d  UART_init                        
20011899  UART_open                        
2001272d  UART_write                       
20012773  UtilsDelay                       
20004000  __STACK_END                      
00001000  __STACK_SIZE                     
00008000  __SYSMEM_SIZE                    
20013780  __TI_CINIT_Base                  
20013790  __TI_CINIT_Limit                 
2001376c  __TI_Handler_Table_Base          
20013778  __TI_Handler_Table_Limit         
200116d1  __TI_auto_init_nobinit_nopinit   
20010995  __TI_decompress_lzss             
200126bb  __TI_decompress_none             
20010e55  __TI_ltoa                        
ffffffff  __TI_pprof_out_hndl              
2000c041  __TI_printfi                     
ffffffff  __TI_prof_data_size              
ffffffff  __TI_prof_data_start             
20013680  __TI_static_base__               
20012195  __TI_zero_init_nomemset          
200101f1  __aeabi_cdcmpeq                  
200101f1  __aeabi_cdcmple                  
20010277  __aeabi_cdrcmple                 
20011421  __aeabi_d2iz                     
2000d9b7  __aeabi_dadd                     
2000e205  __aeabi_ddiv                     
2000ebf1  __aeabi_dmul                     
2000d9ad  __aeabi_dsub                     
20012741  __aeabi_errno_addr               
20011b1d  __aeabi_f2iz                     
2001057b  __aeabi_fmul                     
20011dc1  __aeabi_i2d                      
20011b55  __aeabi_i2f                      
20011047  __aeabi_idiv0                    
20011047  __aeabi_ldiv0                    
200123b9  __aeabi_lmul                     
200105f5  __aeabi_memclr                   
200105f5  __aeabi_memclr4                  
200105f5  __aeabi_memclr8                  
2000fd71  __aeabi_memcpy                   
2000fd71  __aeabi_memcpy4                  
2000fd71  __aeabi_memcpy8                  
200105f7  __aeabi_memset                   
200105f7  __aeabi_memset4                  
200105f7  __aeabi_memset8                  
2000fea5  __aeabi_uldivmod                 
ffffffff  __binit__                        
ffffffff  __c_args__                       
UNDEFED   __mpu_init                       
20003000  __stack                          
20004000  __start___llvm_prf_cnts          
20004000  __stop___llvm_prf_cnts           
2001201d  _c_int00_noargs                  
20012d88  _ctypes_                         
20012d5c  _lock                            
2000f13f  _nop                             
20004040  _sys_memory                      
UNDEFED   _system_post_cinit               
20012785  _system_pre_init                 
20012d60  _unlock                          
20012789  abort                            
2000e9f5  aligned_alloc                    
2001121d  atoi                             
ffffffff  binit                            
2000ff3b  clkFxn                           
200126e1  copysign                         
200126e1  copysignl                        
20012d20  current_temp                     
20012d84  errno                            
2000ede1  free                             
20010be9  frexp                            
20010be9  frexpl                           
20012d34  global_period                    
20012389  gpioButtonFxn0                   
200123a1  gpioButtonFxn1                   
20012d38  gpioCallbackFunctions            
20012d44  gpioPinConfigs                   
20012d28  heat_on                          
20013668  i2c                              
200131bc  i2cCC32XXHWAttrs                 
200133d4  i2cCC32XXObjects                 
20013608  i2cTransaction                   
20013292  inPinTypes                       
2000d3ad  initI2C                          
20010ea9  initTimer                        
20011715  initUART                         
20011aad  initVectors                      
2000efa5  ldexp                            
2000efa5  ldexpl                           
20012d24  left_button                      
20012555  main                             
2000e8e9  mainThread                       
20012749  malloc                           
2000e9f5  memalign                         
200121cd  memccpy                          
2000fd71  memcpy                           
200105fd  memset                           
20013298  outPinStrengths                  
2001327c  outPinTypes                      
20013554  output                           
20012c04  parkInfo                         
2000e7c9  readTemp                         
20012d30  ready_tasks                      
2001221d  resetISR                         
20012230  resetVectorAddr                  
20004000  resetVectors                     
20012d26  right_button                     
2001366c  rxBuffer                         
2000efa5  scalbn                           
2000efa5  scalbnl                          
20012d2c  seconds_passed                   
20012d22  set_temp                         
200112b5  snprintf                         
20012441  strchr                           
200124f9  strlen                           
20012cfc  tasks                            
20013670  timer0                           
20013228  timerCC32XXHWAttrs               
20013594  timerCC32XXObjects               
200123d1  timerCallback                    
20013674  txBuffer                         
20013678  uart                             
200134d0  uartCC32XXObjects0               
20012567  wcslen                           


GLOBAL SYMBOLS: SORTED BY Symbol Address 

address   name                             
-------   ----                             
00001000  __STACK_SIZE                     
00008000  __SYSMEM_SIZE                    
20003000  __stack                          
20004000  __STACK_END                      
20004000  __start___llvm_prf_cnts          
20004000  __stop___llvm_prf_cnts           
20004000  resetVectors                     
20004040  _sys_memory                      
2000c041  __TI_printfi                     
2000ca8f  Board_initHook                   
2000ca91  PRCMCC3200MCUInit                
2000cebd  UARTCC32XX_open                  
2000d3ad  initI2C                          
2000d5fd  GPIO_setConfig                   
2000d9ad  __aeabi_dsub                     
2000d9b7  __aeabi_dadd                     
2000db63  I2C_init                         
2000db65  PowerCC32XX_sleepPolicy          
2000e0cd  Power_sleep                      
2000e205  __aeabi_ddiv                     
2000e33b  PowerCC32XX_initPolicy           
2000e33d  TimerCC32XX_open                 
2000e465  I2C_transferTimeout              
2000e587  TimerCC32XX_init                 
2000e589  UARTCC32XX_close                 
2000e7c9  readTemp                         
2000e8e9  mainThread                       
2000e9f5  aligned_alloc                    
2000e9f5  memalign                         
2000eaf5  I2C_open                         
2000ebf1  __aeabi_dmul                     
2000eced  UARTCC32XX_control               
2000eddf  UARTCC32XX_init                  
2000ede1  free                             
2000eec5  CheckButtons                     
2000efa5  ldexp                            
2000efa5  ldexpl                           
2000efa5  scalbn                           
2000efa5  scalbnl                          
2000f075  UARTCC32XX_write                 
2000f13f  _nop                             
2000f141  GPIO_init                        
2000f2c5  UARTCC32XX_readPolling           
2000f859  IntEnable                        
2000f901  OutputToServer                   
2000f9a9  PowerCC32XX_configureWakeup      
2000fb95  CheckTemp                        
2000fc35  SemaphoreP_pend                  
2000fd71  __aeabi_memcpy                   
2000fd71  __aeabi_memcpy4                  
2000fd71  __aeabi_memcpy8                  
2000fd71  memcpy                           
2000fea5  __aeabi_uldivmod                 
2000ff3b  clkFxn                           
2000ffcd  HwiP_construct                   
20010059  IntPendSet                       
200100e1  PinConfigSet                     
20010169  TimerCC32XX_setPeriod            
200101f1  __aeabi_cdcmpeq                  
200101f1  __aeabi_cdcmple                  
20010277  __aeabi_cdrcmple                 
200102fd  Power_init                       
20010405  Power_setDependency              
2001057b  __aeabi_fmul                     
200105f5  __aeabi_memclr                   
200105f5  __aeabi_memclr4                  
200105f5  __aeabi_memclr8                  
200105f7  __aeabi_memset                   
200105f7  __aeabi_memset4                  
200105f7  __aeabi_memset8                  
200105fd  memset                           
20010671  GPIO_hwiIntFxn                   
200106e9  TimerCC32XX_start                
2001092b  I2CSupport_primeTransfer         
20010995  __TI_decompress_lzss             
200109fd  UARTCC32XX_writeCancel           
20010a65  PowerCC32XX_setParkState         
20010ac9  UARTCC32XX_writePolling          
20010b2d  PRCMSysResetCauseGet             
20010b8d  GPIO_setCallback                 
20010be9  frexp                            
20010be9  frexpl                           
20010ca1  GPIO_write                       
20010cf9  PRCMPeripheralReset              
20010d51  Power_releaseDependency          
20010da9  TimerCC32XX_stop                 
20010e55  __TI_ltoa                        
20010ea9  initTimer                        
20010f51  PowerCC32XX_resumeLPDS           
20011047  __aeabi_idiv0                    
20011047  __aeabi_ldiv0                    
20011049  ClockP_doTick                    
20011049  ClockP_sysTickHandler            
20011099  SemaphoreP_construct             
200110e9  TimerCC32XX_allocateTimerResource
20011139  GPIO_enableInt                   
200111d1  PowerCC32XX_parkPin              
2001121d  atoi                             
200112b5  snprintf                         
20011301  FlashDisable                     
20011349  PRCMLPDSEnter                    
20011391  PRCMPeripheralClkEnable          
200113d9  Power_releaseConstraint          
20011421  __aeabi_d2iz                     
20011469  RingBuf_put                      
200114f5  ClockP_stop                      
20011539  PRCMLPDSRestoreInfoSet           
2001157d  PowerCC32XX_enterLPDS            
200115c1  SemaphoreP_post                  
20011605  SwiP_restore                     
20011649  Timer_init                       
2001168d  UART_init                        
200116d1  __TI_auto_init_nobinit_nopinit   
20011715  initUART                         
20011759  ClockP_construct                 
20011799  PinModeSet                       
200117d9  RingBuf_get                      
20011819  Timer_open                       
20011859  UARTCC32XX_read                  
20011899  UART_open                        
20011919  ClockP_destruct                  
20011955  Power_setConstraint              
20011991  TimerCC32XX_close                
20011a05  PRCMLPDSEnterKeepDebugIf         
20011aad  initVectors                      
20011b1d  __aeabi_f2iz                     
20011b55  __aeabi_i2f                      
20011b8d  TimerControlStall                
20011bc3  UARTCC32XX_readCancel            
20011bf9  ClockP_getTicksUntilInterrupt    
20011c2d  ClockP_startup                   
20011c61  PinModeGet                       
20011c95  PowerCC32XX_restoreParkState     
20011cc9  TimerCC32XX_freeTimerResource    
20011d31  ClockP_start                     
20011d61  PowerCC32XX_restoreParkedPin     
20011dc1  __aeabi_i2d                      
20011df1  PowerCC32XX_getParkState         
20011e1d  HwiP_create                      
20011e47  TimerLoadSet                     
20011e71  TimerPrescaleSet                 
20011e9b  I2CFIFODataPutNonBlocking        
20011ec5  PRCMPeripheralClkDisable         
20011eed  Power_registerNotify             
20011f3d  I2CFIFODataGetNonBlocking        
20011f63  I2C_cancel                       
20011f89  List_put                         
20011faf  List_remove                      
20011fd5  HwiP_dispatch                    
20011ff9  PowerCC32XX_reset                
2001201d  _c_int00_noargs                  
20012041  I2CMasterSlaveAddrSet            
20012063  HwiP_destruct                    
20012085  Power_unregisterNotify           
200120a5  RingBuf_peek                     
200120e5  I2CMasterIntStatusEx             
20012103  SemaphoreP_constructBinary       
20012121  TimerDisable                     
2001213f  TimerEnable                      
2001215d  PinToPadGet                      
20012179  SwiP_disable                     
20012195  __TI_zero_init_nomemset          
200121cd  memccpy                          
200121e9  ClockP_create                    
20012203  SemaphoreP_createBinary          
2001221d  resetISR                         
20012230  resetVectorAddr                  
20012237  I2CMasterBusBusy                 
2001224f  I2CMasterIntDisableEx            
20012267  I2CMasterIntEnableEx             
2001227f  I2CRxFIFOFlush                   
20012297  I2CTxFIFOFlush                   
200122b1  Power_getTransitionLatency       
200122c9  Power_idleFunc                   
200122e1  TimerCC32XX_getCount             
200122f9  TimerIntDisable                  
20012311  TimerIntEnable                   
20012329  UARTBusy                         
20012341  UARTIntEnable                    
20012359  UART_Params_init                 
20012389  gpioButtonFxn0                   
200123a1  gpioButtonFxn1                   
200123b9  __aeabi_lmul                     
200123d1  timerCallback                    
200123e9  I2CMasterBurstLengthSet          
200123ff  PRCMHIBRegRead                   
20012415  PRCMHIBRegWrite                  
2001242b  SemaphoreP_create                
20012441  strchr                           
20012457  CPUcpsid                         
2001246d  HwiP_inISR                       
20012481  I2CSupport_masterFinish          
20012495  I2C_transfer                     
200124a9  IntVTableBaseSet                 
200124bd  Power_disablePolicy              
200124d1  Power_getDependencyCount         
200124f9  strlen                           
2001250d  HwiP_Params_init                 
2001251f  I2CMasterIntClearEx              
20012531  RingBuf_construct                
20012543  TimerIntClear                    
20012555  main                             
20012567  wcslen                           
20012579  Board_init                       
20012589  ClockP_add                       
20012599  ClockP_delete                    
200125a9  ClockP_getCpuFreq                
200125b9  ClockP_getSystemTicks            
200125c9  ClockP_setTicks                  
200125d9  HwiP_delete                      
200125e9  HwiP_restore                     
200125f9  I2CFIFOStatus                    
20012609  I2C_Params_init                  
20012619  Power_enablePolicy               
20012629  SemaphoreP_Params_init           
20012639  Timer_Params_init                
20012659  HwiP_clearInterrupt              
20012667  HwiP_disable                     
20012675  HwiP_disableInterrupt            
20012683  HwiP_enable                      
20012683  NoRTOS_start                     
20012691  HwiP_enableInterrupt             
200126ad  RingBuf_isFull                   
200126bb  __TI_decompress_none             
200126d5  Power_getConstraintMask          
200126e1  copysign                         
200126e1  copysignl                        
20012705  ClockP_Params_init               
2001270f  ClockP_isActive                  
20012719  IntMasterDisable                 
20012723  Timer_start                      
2001272d  UART_write                       
20012741  __aeabi_errno_addr               
20012749  malloc                           
20012761  I2CSupport_powerRelConstraint    
20012767  I2CSupport_powerSetConstraint    
2001276d  TimerCC32XX_control              
20012773  UtilsDelay                       
20012779  ClockP_setTimeout                
2001277d  HwiP_post                        
20012781  SemaphoreP_delete                
20012785  _system_pre_init                 
20012789  C$$EXIT                          
20012789  abort                            
20012a98  PowerCC32XX_module               
20012c04  parkInfo                         
20012cfc  tasks                            
20012d20  current_temp                     
20012d22  set_temp                         
20012d24  left_button                      
20012d26  right_button                     
20012d28  heat_on                          
20012d2c  seconds_passed                   
20012d30  ready_tasks                      
20012d34  global_period                    
20012d38  gpioCallbackFunctions            
20012d44  gpioPinConfigs                   
20012d5c  _lock                            
20012d60  _unlock                          
20012d6c  SemaphoreP_defaultParams         
20012d74  HwiP_key                         
20012d78  HwiP_swiPIntNum                  
20012d7c  ClockP_tickPeriod                
20012d84  errno                            
20012d88  _ctypes_                         
20013034  PowerCC32XX_config               
20013078  UARTCC32XX_fxnTable              
200130a0  UART_defaultParams               
2001310c  TimerCC32XX_fxnTable             
20013194  GPIOCC32XX_config                
200131bc  i2cCC32XXHWAttrs                 
200131f8  I2C_defaultParams                
20013228  timerCC32XXHWAttrs               
20013244  Timer_config                     
20013250  UART_config                      
20013268  CONFIG_GPIO_BUTTON_0_CONST       
20013269  CONFIG_GPIO_BUTTON_1_CONST       
2001326a  CONFIG_GPIO_LED_0_CONST          
2001326b  CONFIG_I2C_0_CONST               
2001326c  I2C_count                        
2001326d  CONFIG_TIMER_0_CONST             
2001326e  Timer_count                      
2001326f  CONFIG_UART_0_CONST              
20013270  UART_count                       
20013274  I2C_config                       
2001327c  outPinTypes                      
20013292  inPinTypes                       
20013298  outPinStrengths                  
200132a8  PowerCC32XX_contextSave          
200133d4  i2cCC32XXObjects                 
200134d0  uartCC32XXObjects0               
20013554  output                           
20013594  timerCC32XXObjects               
20013608  i2cTransaction                   
20013640  ClockP_ctrl                      
2001365d  CB_State                         
2001365e  CT_State                         
2001365f  OTS_State                        
20013668  i2c                              
2001366c  rxBuffer                         
20013670  timer0                           
20013674  txBuffer                         
20013678  uart                             
20013680  __TI_static_base__               
2001376c  __TI_Handler_Table_Base          
20013778  __TI_Handler_Table_Limit         
20013780  __TI_CINIT_Base                  
20013790  __TI_CINIT_Limit                 
ffffffff  __TI_pprof_out_hndl              
ffffffff  __TI_prof_data_size              
ffffffff  __TI_prof_data_start             
ffffffff  __binit__                        
ffffffff  __c_args__                       
ffffffff  binit                            
UNDEFED   ITM_flush                        
UNDEFED   ITM_restore                      
UNDEFED   __mpu_init                       
UNDEFED   _system_post_cinit               

[318 symbols]
